<html>
<body>
<pre>
<h1>µVision Build Log</h1>
<h2>Project:</h2>
D:\Cortex_M3\__Current Work\IoT Project\Blinky.uvproj
Project File Date:  03/03/2015

<h2>Output:</h2>
Rebuild target 'LPC1768 Flash'
assembling startup_LPC17xx.s...
compiling system_LPC17xx.c...
compiling Retarget.c...
compiling LED.c...
compiling IRQ.c...
compiling Blinky.c...
assembling Serial.s...
Serial.s(334): warning: A1581W: Added 2 bytes of padding at address 0x16a
linking...
.\Flash\Blinky.axf: Warning: L6305W: Image does not have an entry point. (Not specified or not set due to multiple choices.)
Program Size: Code=3556 RO-data=272 RW-data=48 ZI-data=528  
".\Flash\Blinky.axf" - 0 Error(s), 2 Warning(s).
Rebuild target 'LPC1768 Flash'
assembling startup_LPC17xx.s...
compiling system_LPC17xx.c...
compiling Retarget.c...
compiling LED.c...
compiling IRQ.c...
compiling Blinky.c...
assembling Serial.s...
Serial.s(334): warning: A1581W: Added 2 bytes of padding at address 0x16a
linking...
.\Flash\Blinky.axf: Warning: L6305W: Image does not have an entry point. (Not specified or not set due to multiple choices.)
Program Size: Code=3556 RO-data=272 RW-data=48 ZI-data=528  
".\Flash\Blinky.axf" - 0 Error(s), 2 Warning(s).
